Microchip MPLAB XC8 Compiler V2.00 ()

Linker command line:

-W-3 --edf=C:\Program Files\Microchip\xc8\v2.00\pic\dat\en_msgs.txt -cs \
  -h+dist/default/production\xc8-test.production.sym \
  --cmf=dist/default/production\xc8-test.production.cmf -z -Q16LF18326 \
  -oC:\Users\Riko\AppData\Local\Temp\s52o.2 --defsym=__MPLAB_BUILD=1 \
  -Mdist/default/production/xc8-test.production.map -E1 -ver=XC8 \
  --acfsm=1493 -ASTACK=0201Ah-02685h -pstack=STACK -ACODE=00h-07FFhx8 \
  -ASTRCODE=00h-03FFFh -ASTRING=00h-0FFhx64 -ACONST=00h-0FFhx64 \
  -AENTRY=00h-0FFhx64 -ACOMMON=070h-07Fh -ABANK0=020h-06Fh \
  -ABANK1=0A0h-0EFh -ABANK2=0120h-016Fh -ABANK3=01A0h-01EFh \
  -ABANK4=0220h-026Fh -ABANK5=02A0h-02EFh -ABANK6=0320h-036Fh \
  -ABANK7=03A0h-03EFh -ABANK8=0420h-046Fh -ABANK9=04A0h-04EFh \
  -ABANK10=0520h-056Fh -ABANK11=05A0h-05EFh -ABANK12=0620h-066Fh \
  -ABANK13=06A0h-06EFh -ABANK14=0720h-076Fh -ABANK15=07A0h-07EFh \
  -ABANK16=0820h-086Fh -ABANK17=08A0h-08EFh -ABANK18=0920h-096Fh \
  -ABANK19=09A0h-09EFh -ABANK20=0A20h-0A6Fh -ABANK21=0AA0h-0AEFh \
  -ABANK22=0B20h-0B6Fh -ABANK23=0BA0h-0BEFh -ABANK24=0C20h-0C6Fh \
  -ABANK25=0CA0h-0CBFh -ABIGRAM=02000h-027EFh \
  -ARAM=020h-06Fh,0A0h-0EFh,0120h-016Fh,01A0h-01EFh,0220h-026Fh,02A0h-02EFh,0320h-036Fh,03A0h-03EFh,0420h-046Fh,04A0h-04EFh,0520h-056Fh,05A0h-05EFh,0620h-066Fh,06A0h-06EFh,0720h-076Fh,07A0h-07EFh,0820h-086Fh,08A0h-08EFh,0920h-096Fh,09A0h-09EFh,0A20h-0A6Fh,0AA0h-0AEFh,0B20h-0B6Fh,0BA0h-0BEFh,0C20h-0C6Fh,0CA0h-0CBFh \
  -AABS1=020h-07Fh,0A0h-0EFh,0120h-016Fh,01A0h-01EFh,0220h-026Fh,02A0h-02EFh,0320h-036Fh,03A0h-03EFh,0420h-046Fh,04A0h-04EFh,0520h-056Fh,05A0h-05EFh,0620h-066Fh,06A0h-06EFh,0720h-076Fh,07A0h-07EFh,0820h-086Fh,08A0h-08EFh,0920h-096Fh,09A0h-09EFh,0A20h-0A6Fh,0AA0h-0AEFh,0B20h-0B6Fh,0BA0h-0BEFh,0C20h-0C6Fh,0CA0h-0CBFh \
  -ASFR0=00h-01Fh -ASFR1=080h-09Fh -ASFR2=0100h-011Fh -ASFR3=0180h-019Fh \
  -ASFR4=0200h-021Fh -ASFR5=0280h-029Fh -ASFR6=0300h-031Fh \
  -ASFR7=0380h-039Fh -ASFR8=0400h-041Fh -ASFR9=0480h-049Fh \
  -ASFR10=0500h-051Fh -ASFR11=0580h-059Fh -ASFR12=0600h-061Fh \
  -ASFR13=0680h-069Fh -ASFR14=0700h-071Fh -ASFR15=0780h-079Fh \
  -ASFR16=0800h-081Fh -ASFR17=0880h-089Fh -ASFR18=0900h-091Fh \
  -ASFR19=0980h-099Fh -ASFR20=0A00h-0A1Fh -ASFR21=0A80h-0A9Fh \
  -ASFR22=0B00h-0B1Fh -ASFR23=0B80h-0B9Fh -ASFR24=0C00h-0C1Fh \
  -ASFR25=0C80h-0C9Fh -ASFR26=0D00h-0D6Fh -ASFR27=0D80h-0DEFh \
  -ASFR28=0E00h-0E6Fh -ASFR29=0E80h-0EEFh -ASFR30=0F00h-0F6Fh \
  -ASFR31=0F80h-0FEFh -preset_vec=00h,intentry=04h,init,end_init \
  -ppowerup=CODE -pcinit=CODE -pfunctab=ENTRY -ACONFIG=08007h-0800Ah \
  -pconfig=CONFIG -DCONFIG=2 -AIDLOC=08000h-08003h -pidloc=IDLOC -DIDLOC=2 \
  -AEEDATA=00h-0FFh/0F000h -peeprom_data=EEDATA -DEEDATA=2 -DCODE=2 \
  -DSTRCODE=2 -DSTRING=2 -DCONST=2 -DENTRY=2 -k \
  C:\Users\Riko\AppData\Local\Temp\s52o.o \
  dist/default/production\xc8-test.production.o 

Object code version is 3.11

Machine type is 16LF18326



                Name                               Link     Load   Length Selector   Space Scale
C:\Users\Riko\AppData\Local\Temp\s52o.o
                end_init                             30       30        2        8       0
                reset_vec                             0        0        2        0       0
                config                             8007     8007        4    1000E       0
dist/default/production\xc8-test.production.o
                cinit                                32       32       14        8       0
                intentry                              4        4       2C        8       0
                text19                              122      122       51        8       0
                text18                              29B      29B        6        8       0
                text17                              2A9      2A9        3        8       0
                text15                              295      295        6        8       0
                text14                              28F      28F        6        8       0
                text13                              1E4      1E4       21        8       0
                text12                              260      260        E        8       0
                text11                              205      205       1E        8       0
                text10                              287      287        8        8       0
                text9                               2A5      2A5        4        8       0
                text8                               250      250       10        8       0
                text7                               26E      26E        D        8       0
                text6                               2A1      2A1        4        8       0
                text5                               240      240       10        8       0
                text4                               1AC      1AC       38        8       0
                text3                               223      223       1D        8       0
                text2                               173      173       39        8       0
                text1                                BC       BC       66        8       0
                maintext                             46       46       76        8       0
                cstackBANK0                          20       20       16       20       1
                cstackCOMMON                         70       70        7       70       1
                clrtext                             27B      27B        C        8       0
                bssBANK0                             36       36        4       20       1

TOTAL           Name                               Link     Load   Length     Space
        CLASS   STACK          

        CLASS   CODE           
                end_init                             30       30        2         0
                cinit                                32       32       14         0
                intentry                              4        4       2C         0
                reset_vec                             0        0        2         0
                text19                              122      122       51         0
                text18                              29B      29B        6         0
                text17                              2A9      2A9        3         0
                text15                              295      295        6         0
                text14                              28F      28F        6         0
                text13                              1E4      1E4       21         0
                text12                              260      260        E         0
                text11                              205      205       1E         0
                text10                              287      287        8         0
                text9                               2A5      2A5        4         0
                text8                               250      250       10         0
                text7                               26E      26E        D         0
                text6                               2A1      2A1        4         0
                text5                               240      240       10         0
                text4                               1AC      1AC       38         0
                text3                               223      223       1D         0
                text2                               173      173       39         0
                text1                                BC       BC       66         0
                maintext                             46       46       76         0
                clrtext                             27B      27B        C         0

        CLASS   STRCODE        

        CLASS   STRING         

        CLASS   CONST          

        CLASS   ENTRY          

        CLASS   COMMON         
                cstackCOMMON                         70       70        7         1

        CLASS   BANK0          
                cstackBANK0                          20       20       16         1
                bssBANK0                             36       36        4         1

        CLASS   BANK1          

        CLASS   BANK2          

        CLASS   BANK3          

        CLASS   BANK4          

        CLASS   BANK5          

        CLASS   BANK6          

        CLASS   BANK7          

        CLASS   BANK8          

        CLASS   BANK9          

        CLASS   BANK10         

        CLASS   BANK11         

        CLASS   BANK12         

        CLASS   BANK13         

        CLASS   BANK14         

        CLASS   BANK15         

        CLASS   BANK16         

        CLASS   BANK17         

        CLASS   BANK18         

        CLASS   BANK19         

        CLASS   BANK20         

        CLASS   BANK21         

        CLASS   BANK22         

        CLASS   BANK23         

        CLASS   BANK24         

        CLASS   BANK25         

        CLASS   BIGRAM         

        CLASS   RAM            

        CLASS   ABS1           
                abs_s1                               7E       7E        2         1
                abs_s1                              A66      A66        A         1
                abs_s1                              AA0      AA0       50         1
                abs_s1                              B20      B20       50         1
                abs_s1                              BA0      BA0       50         1
                abs_s1                              C20      C20       50         1
                abs_s1                              CA0      CA0       20         1
                abs_s1                             2686     2686        0         1

        CLASS   SFR0           

        CLASS   SFR1           

        CLASS   SFR2           

        CLASS   SFR3           

        CLASS   SFR4           

        CLASS   SFR5           

        CLASS   SFR6           

        CLASS   SFR7           

        CLASS   SFR8           

        CLASS   SFR9           

        CLASS   SFR10          

        CLASS   SFR11          

        CLASS   SFR12          

        CLASS   SFR13          

        CLASS   SFR14          

        CLASS   SFR15          

        CLASS   SFR16          

        CLASS   SFR17          

        CLASS   SFR18          

        CLASS   SFR19          

        CLASS   SFR20          

        CLASS   SFR21          

        CLASS   SFR22          

        CLASS   SFR23          

        CLASS   SFR24          

        CLASS   SFR25          

        CLASS   SFR26          

        CLASS   SFR27          

        CLASS   SFR28          

        CLASS   SFR29          

        CLASS   SFR30          

        CLASS   SFR31          

        CLASS   CONFIG         
                config                             8007     8007        4         0

        CLASS   IDLOC          

        CLASS   EEDATA         

        CLASS   BANK31         

        CLASS   BANK30         

        CLASS   BANK29         

        CLASS   BANK28         

        CLASS   BANK27         

        CLASS   BANK26         



SEGMENTS        Name                           Load    Length   Top    Selector   Space  Class     Delta

                reset_vec                      000000  000002  000002         0       0  CODE        2
                intentry                       000004  0002A8  0002AC         8       0  CODE        2
                cstackBANK0                    000020  00001A  00003A        20       1  BANK0       1
                cstackCOMMON                   000070  000007  000077        70       1  COMMON      1
                config                         008007  000004  00800B     1000E       0  CONFIG      2


UNUSED ADDRESS RANGES

        Name                Unused          Largest block    Delta
        BANK0            0003A-0006F              36           1
        BANK1            000A0-000EF              50           1
        BANK10           00520-0056F              50           1
        BANK11           005A0-005EF              50           1
        BANK12           00620-0066F              50           1
        BANK13           006A0-006EF              50           1
        BANK14           00720-0076F              50           1
        BANK15           007A0-007EF              50           1
        BANK16           00820-0086F              50           1
        BANK17           008A0-008EF              50           1
        BANK18           00920-0096F              50           1
        BANK19           009A0-009EF              50           1
        BANK2            00120-0016F              50           1
        BANK20           00A20-00A65              46           1
        BANK3            001A0-001EF              50           1
        BANK4            00220-0026F              50           1
        BANK5            002A0-002EF              50           1
        BANK6            00320-0036F              50           1
        BANK7            003A0-003EF              50           1
        BANK8            00420-0046F              50           1
        BANK9            004A0-004EF              50           1
        BIGRAM           02000-027EF             7F0           1
        CODE             00002-00003               2           2
                         002AC-03FFF             800
        COMMON           00077-0007D               7           1
        CONST            00002-00003               2           2
                         002AC-03FFF             100
        EEDATA           0F000-0F0FF             100           2
        ENTRY            00002-00003               2           2
                         002AC-03FFF             100
        IDLOC            08000-08003               4           2
        RAM              0003A-0006F              36           1
                         000A0-000EF              50
                         00120-0016F              50
                         001A0-001EF              50
                         00220-0026F              50
                         002A0-002EF              50
                         00320-0036F              50
                         003A0-003EF              50
                         00420-0046F              50
                         004A0-004EF              50
                         00520-0056F              50
                         005A0-005EF              50
                         00620-0066F              50
                         006A0-006EF              50
                         00720-0076F              50
                         007A0-007EF              50
                         00820-0086F              50
                         008A0-008EF              50
                         00920-0096F              50
                         009A0-009EF              50
                         00A20-00A65              46
        SFR0             00000-0001F              20           1
        SFR1             00080-0009F              20           1
        SFR10            00500-0051F              20           1
        SFR11            00580-0059F              20           1
        SFR12            00600-0061F              20           1
        SFR13            00680-0069F              20           1
        SFR14            00700-0071F              20           1
        SFR15            00780-0079F              20           1
        SFR16            00800-0081F              20           1
        SFR17            00880-0089F              20           1
        SFR18            00900-0091F              20           1
        SFR19            00980-0099F              20           1
        SFR2             00100-0011F              20           1
        SFR20            00A00-00A1F              20           1
        SFR21            00A80-00A9F              20           1
        SFR22            00B00-00B1F              20           1
        SFR23            00B80-00B9F              20           1
        SFR24            00C00-00C1F              20           1
        SFR25            00C80-00C9F              20           1
        SFR26            00D00-00D6F              70           1
        SFR27            00D80-00DEF              70           1
        SFR28            00E00-00E6F              70           1
        SFR29            00E80-00EEF              70           1
        SFR3             00180-0019F              20           1
        SFR30            00F00-00F6F              70           1
        SFR31            00F80-00FEF              70           1
        SFR4             00200-0021F              20           1
        SFR5             00280-0029F              20           1
        SFR6             00300-0031F              20           1
        SFR7             00380-0039F              20           1
        SFR8             00400-0041F              20           1
        SFR9             00480-0049F              20           1
        STACK            0201A-02685             66C           1
        STRCODE          00002-00003               2           2
                         002AC-03FFF            3D54
        STRING           00002-00003               2           2
                         002AC-03FFF             100

                                  Symbol Table

EUSART_SetRxInterruptHandler@interruptHandler cstackBANK0  00020
EUSART_SetTxInterruptHandler@interruptHandler cstackBANK0  00020
_ANSELA                                       (abs)        0018C
_ANSELC                                       (abs)        0018E
_BAUD1CON                                     (abs)        0019F
_EUSART_Initialize                            text13       001E4
_EUSART_Receive_ISR                           text18       0029B
_EUSART_RxDefaultInterruptHandler             bssBANK0     00036
_EUSART_SetRxInterruptHandler                 text15       00295
_EUSART_SetTxInterruptHandler                 text14       0028F
_EUSART_Transmit_ISR                          text17       002A9
_EUSART_TxDefaultInterruptHandler             bssBANK0     00038
_INTCONbits                                   (abs)        0000B
_INTERRUPT_InterruptManager                   intentry     00004
_LATA                                         (abs)        0010C
_LATC                                         (abs)        0010E
_LATCbits                                     (abs)        0010E
_ODCONA                                       (abs)        0028C
_ODCONC                                       (abs)        0028E
_OSCCON1                                      (abs)        00919
_OSCCON3                                      (abs)        0091B
_OSCEN                                        (abs)        0091D
_OSCFRQ                                       (abs)        0091F
_OSCILLATOR_Initialize                        text12       00260
_OSCTUNE                                      (abs)        0091E
_PIE1bits                                     (abs)        00091
_PIN_MANAGER_Initialize                       text11       00205
_PIR1bits                                     (abs)        00011
_PLLR                                         (abs)        048E0
_PMD0                                         (abs)        00911
_PMD1                                         (abs)        00912
_PMD2                                         (abs)        00913
_PMD3                                         (abs)        00914
_PMD4                                         (abs)        00915
_PMD5                                         (abs)        00916
_PMD_Initialize                               text10       00287
_RC1REG                                       (abs)        00199
_RC1STA                                       (abs)        0019D
_RC4PPS                                       (abs)        00EA4
_RXPPS                                        (abs)        00E24
_SLRCONA                                      (abs)        0030C
_SLRCONC                                      (abs)        0030E
_SP1BRGH                                      (abs)        0019C
_SP1BRGL                                      (abs)        0019B
_SYSTEM_Initialize                            text8        00250
_TRISA                                        (abs)        0008C
_TRISC                                        (abs)        0008E
_TX1REG                                       (abs)        0019A
_TX1STA                                       (abs)        0019E
_WDTCON                                       (abs)        00097
_WDT_Initialize                               text9        002A5
_WPUA                                         (abs)        0020C
_WPUC                                         (abs)        0020E
__CFG_BOREN$ON                                (abs)        00000
__CFG_BORV$LOW                                (abs)        00000
__CFG_CLKOUTEN$OFF                            (abs)        00000
__CFG_CP$OFF                                  (abs)        00000
__CFG_CPD$OFF                                 (abs)        00000
__CFG_CSWEN$ON                                (abs)        00000
__CFG_DEBUG$OFF                               (abs)        00000
__CFG_FCMEN$ON                                (abs)        00000
__CFG_FEXTOSC$OFF                             (abs)        00000
__CFG_LPBOREN$OFF                             (abs)        00000
__CFG_LVP$ON                                  (abs)        00000
__CFG_MCLRE$ON                                (abs)        00000
__CFG_PPS1WAY$ON                              (abs)        00000
__CFG_PWRTE$OFF                               (abs)        00000
__CFG_RSTOSC$HFINT32                          (abs)        00000
__CFG_STVREN$ON                               (abs)        00000
__CFG_WDTE$OFF                                (abs)        00000
__CFG_WRT$OFF                                 (abs)        00000
__Habs1                                       abs1         00000
__Hbank0                                      bank0        00000
__Hbank1                                      bank1        00000
__Hbank10                                     bank10       00000
__Hbank11                                     bank11       00000
__Hbank12                                     bank12       00000
__Hbank13                                     bank13       00000
__Hbank14                                     bank14       00000
__Hbank15                                     bank15       00000
__Hbank16                                     bank16       00000
__Hbank17                                     bank17       00000
__Hbank18                                     bank18       00000
__Hbank19                                     bank19       00000
__Hbank2                                      bank2        00000
__Hbank20                                     bank20       00000
__Hbank21                                     bank21       00000
__Hbank22                                     bank22       00000
__Hbank23                                     bank23       00000
__Hbank24                                     bank24       00000
__Hbank25                                     bank25       00000
__Hbank26                                     bank26       00000
__Hbank27                                     bank27       00000
__Hbank28                                     bank28       00000
__Hbank29                                     bank29       00000
__Hbank3                                      bank3        00000
__Hbank30                                     bank30       00000
__Hbank31                                     bank31       00000
__Hbank4                                      bank4        00000
__Hbank5                                      bank5        00000
__Hbank6                                      bank6        00000
__Hbank7                                      bank7        00000
__Hbank8                                      bank8        00000
__Hbank9                                      bank9        00000
__Hbigram                                     bigram       00000
__HbssBANK0                                   bssBANK0     00000
__Hcinit                                      cinit        00046
__Hclrtext                                    clrtext      00000
__Hcode                                       code         00000
__Hcommon                                     common       00000
__Hconfig                                     config       0800B
__HcstackBANK0                                cstackBANK0  00000
__HcstackCOMMON                               cstackCOMMON 00000
__Heeprom_data                                eeprom_data  00000
__Hend_init                                   end_init     00032
__Hfunctab                                    functab      00000
__Hidloc                                      idloc        00000
__Hinit                                       init         00030
__Hintentry                                   intentry     00030
__Hmaintext                                   maintext     00000
__Hpowerup                                    powerup      00000
__Hram                                        ram          00000
__Hreset_vec                                  reset_vec    00002
__Hsfr0                                       sfr0         00000
__Hsfr1                                       sfr1         00000
__Hsfr10                                      sfr10        00000
__Hsfr11                                      sfr11        00000
__Hsfr12                                      sfr12        00000
__Hsfr13                                      sfr13        00000
__Hsfr14                                      sfr14        00000
__Hsfr15                                      sfr15        00000
__Hsfr16                                      sfr16        00000
__Hsfr17                                      sfr17        00000
__Hsfr18                                      sfr18        00000
__Hsfr19                                      sfr19        00000
__Hsfr2                                       sfr2         00000
__Hsfr20                                      sfr20        00000
__Hsfr21                                      sfr21        00000
__Hsfr22                                      sfr22        00000
__Hsfr23                                      sfr23        00000
__Hsfr24                                      sfr24        00000
__Hsfr25                                      sfr25        00000
__Hsfr26                                      sfr26        00000
__Hsfr27                                      sfr27        00000
__Hsfr28                                      sfr28        00000
__Hsfr29                                      sfr29        00000
__Hsfr3                                       sfr3         00000
__Hsfr30                                      sfr30        00000
__Hsfr31                                      sfr31        00000
__Hsfr4                                       sfr4         00000
__Hsfr5                                       sfr5         00000
__Hsfr6                                       sfr6         00000
__Hsfr7                                       sfr7         00000
__Hsfr8                                       sfr8         00000
__Hsfr9                                       sfr9         00000
__Hspace_0                                    (abs)        0800B
__Hspace_1                                    (abs)        00077
__Hspace_2                                    (abs)        00000
__Hspace_3                                    (abs)        00000
__Hstack                                      stack        00000
__Hstrings                                    strings      00000
__Htext                                       text         00000
__Labs1                                       abs1         00000
__Lbank0                                      bank0        00000
__Lbank1                                      bank1        00000
__Lbank10                                     bank10       00000
__Lbank11                                     bank11       00000
__Lbank12                                     bank12       00000
__Lbank13                                     bank13       00000
__Lbank14                                     bank14       00000
__Lbank15                                     bank15       00000
__Lbank16                                     bank16       00000
__Lbank17                                     bank17       00000
__Lbank18                                     bank18       00000
__Lbank19                                     bank19       00000
__Lbank2                                      bank2        00000
__Lbank20                                     bank20       00000
__Lbank21                                     bank21       00000
__Lbank22                                     bank22       00000
__Lbank23                                     bank23       00000
__Lbank24                                     bank24       00000
__Lbank25                                     bank25       00000
__Lbank26                                     bank26       00000
__Lbank27                                     bank27       00000
__Lbank28                                     bank28       00000
__Lbank29                                     bank29       00000
__Lbank3                                      bank3        00000
__Lbank30                                     bank30       00000
__Lbank31                                     bank31       00000
__Lbank4                                      bank4        00000
__Lbank5                                      bank5        00000
__Lbank6                                      bank6        00000
__Lbank7                                      bank7        00000
__Lbank8                                      bank8        00000
__Lbank9                                      bank9        00000
__Lbigram                                     bigram       00000
__LbssBANK0                                   bssBANK0     00000
__Lcinit                                      cinit        00032
__Lclrtext                                    clrtext      00000
__Lcode                                       code         00000
__Lcommon                                     common       00000
__Lconfig                                     config       08007
__LcstackBANK0                                cstackBANK0  00000
__LcstackCOMMON                               cstackCOMMON 00000
__Leeprom_data                                eeprom_data  00000
__Lend_init                                   end_init     00030
__Lfunctab                                    functab      00000
__Lidloc                                      idloc        00000
__Linit                                       init         00030
__Lintentry                                   intentry     00004
__Lmaintext                                   maintext     00000
__Lpowerup                                    powerup      00000
__Lram                                        ram          00000
__Lreset_vec                                  reset_vec    00000
__Lsfr0                                       sfr0         00000
__Lsfr1                                       sfr1         00000
__Lsfr10                                      sfr10        00000
__Lsfr11                                      sfr11        00000
__Lsfr12                                      sfr12        00000
__Lsfr13                                      sfr13        00000
__Lsfr14                                      sfr14        00000
__Lsfr15                                      sfr15        00000
__Lsfr16                                      sfr16        00000
__Lsfr17                                      sfr17        00000
__Lsfr18                                      sfr18        00000
__Lsfr19                                      sfr19        00000
__Lsfr2                                       sfr2         00000
__Lsfr20                                      sfr20        00000
__Lsfr21                                      sfr21        00000
__Lsfr22                                      sfr22        00000
__Lsfr23                                      sfr23        00000
__Lsfr24                                      sfr24        00000
__Lsfr25                                      sfr25        00000
__Lsfr26                                      sfr26        00000
__Lsfr27                                      sfr27        00000
__Lsfr28                                      sfr28        00000
__Lsfr29                                      sfr29        00000
__Lsfr3                                       sfr3         00000
__Lsfr30                                      sfr30        00000
__Lsfr31                                      sfr31        00000
__Lsfr4                                       sfr4         00000
__Lsfr5                                       sfr5         00000
__Lsfr6                                       sfr6         00000
__Lsfr7                                       sfr7         00000
__Lsfr8                                       sfr8         00000
__Lsfr9                                       sfr9         00000
__Lspace_0                                    (abs)        00000
__Lspace_1                                    (abs)        00000
__Lspace_2                                    (abs)        00000
__Lspace_3                                    (abs)        00000
__Lstack                                      stack        00000
__Lstrings                                    strings      00000
__Ltext                                       text         00000
__S0                                          (abs)        0800B
__S1                                          (abs)        00077
__S2                                          (abs)        00000
__S3                                          (abs)        00000
___int_sp                                     stack        00000
___latbits                                    (abs)        00003
___sp                                         stack        00000
__end_of_EUSART_Initialize                    text13       00205
__end_of_EUSART_Receive_ISR                   text18       002A1
__end_of_EUSART_SetRxInterruptHandler         text15       0029B
__end_of_EUSART_SetTxInterruptHandler         text14       00295
__end_of_EUSART_Transmit_ISR                  text17       002AC
__end_of_INTERRUPT_InterruptManager           intentry     00030
__end_of_OSCILLATOR_Initialize                text12       0026E
__end_of_PIN_MANAGER_Initialize               text11       00223
__end_of_PMD_Initialize                       text10       0028F
__end_of_SYSTEM_Initialize                    text8        00260
__end_of_WDT_Initialize                       text9        002A9
__end_of__initialization                      cinit        00042
__end_of_main                                 maintext     000BC
__end_of_main_init                            text6        002A5
__end_of_parser_analyse                       text5        00250
__end_of_receiver_getCircBuffFilledDataSize   text4        001E4
__end_of_receiver_incrTail                    text3        00240
__end_of_receiver_init                        text7        0027B
__end_of_receiver_push                        text19       00173
__end_of_receiver_push2FrameBuff              text2        001AC
__end_of_receiver_task                        text1        00122
__initialization                              cinit        00032
__pbssBANK0                                   bssBANK0     00036
__pbssBIGRAM                                  (abs)        02686
__pcstackBANK0                                cstackBANK0  00020
__pcstackCOMMON                               cstackCOMMON 00070
__pintentry                                   intentry     00004
__pmaintext                                   maintext     00046
__ptext0                                      text0        00000
__ptext1                                      text1        000BC
__ptext10                                     text10       00287
__ptext11                                     text11       00205
__ptext12                                     text12       00260
__ptext13                                     text13       001E4
__ptext14                                     text14       0028F
__ptext15                                     text15       00295
__ptext17                                     text17       002A9
__ptext18                                     text18       0029B
__ptext19                                     text19       00122
__ptext2                                      text2        00173
__ptext3                                      text3        00223
__ptext4                                      text4        001AC
__ptext5                                      text5        00240
__ptext6                                      text6        002A1
__ptext7                                      text7        0026E
__ptext8                                      text8        00250
__ptext9                                      text9        002A5
__size_of_EUSART_Initialize                   (abs)        00000
__size_of_EUSART_Receive_ISR                  (abs)        00000
__size_of_EUSART_SetRxInterruptHandler        (abs)        00000
__size_of_EUSART_SetTxInterruptHandler        (abs)        00000
__size_of_EUSART_Transmit_ISR                 (abs)        00000
__size_of_INTERRUPT_InterruptManager          (abs)        00000
__size_of_OSCILLATOR_Initialize               (abs)        00000
__size_of_PIN_MANAGER_Initialize              (abs)        00000
__size_of_PMD_Initialize                      (abs)        00000
__size_of_SYSTEM_Initialize                   (abs)        00000
__size_of_WDT_Initialize                      (abs)        00000
__size_of_main                                (abs)        00000
__size_of_main_init                           (abs)        00000
__size_of_parser_analyse                      (abs)        00000
__size_of_receiver_getCircBuffFilledDataSize  (abs)        00000
__size_of_receiver_incrTail                   (abs)        00000
__size_of_receiver_init                       (abs)        00000
__size_of_receiver_push                       (abs)        00000
__size_of_receiver_push2FrameBuff             (abs)        00000
__size_of_receiver_task                       (abs)        00000
_main                                         maintext     00046
_main_init                                    text6        002A1
_parser_analyse                               text5        00240
_receiver_getCircBuffFilledDataSize           text4        001AC
_receiver_incrTail                            text3        00223
_receiver_init                                text7        0026E
_receiver_push                                text19       00122
_receiver_push2FrameBuff                      text2        00173
_receiver_self                                (abs)        02686
_receiver_task                                text1        000BC
btemp                                         (abs)        0007E
clear_ram0                                    clrtext      0027B
end_of_initialization                         cinit        00042
int$flags                                     (abs)        0007E
intlevel0                                     functab      00000
intlevel1                                     functab      00000
intlevel2                                     functab      00000
intlevel3                                     functab      00000
intlevel4                                     functab      00000
intlevel5                                     functab      00000
main@a                                        cstackBANK0  00032
main@c                                        cstackBANK0  00031
parser_analyse@data                           cstackBANK0  00020
parser_analyse@size                           cstackBANK0  00022
receiver_getCircBuffFilledDataSize@size       cstackBANK0  00021
receiver_push2FrameBuff@data                  cstackBANK0  00026
receiver_push@data                            cstackCOMMON 00076
receiver_task@data                            cstackBANK0  0002C
reset_vec                                     reset_vec    00000
stackhi                                       (abs)        02685
stacklo                                       (abs)        0201A
start                                         init         00030
start_initialization                          cinit        00032
wtemp0                                        (abs)        0007E


FUNCTION INFORMATION:

 *************** function _main *****************
 Defined at:
		line 50 in file "main.c"
 Parameters:    Size  Location     Type
		None
 Auto vars:     Size  Location     Type
  a               4   18[BANK0 ] unsigned long 
  c               1   17[BANK0 ] unsigned char 
 Return value:  Size  Location     Type
                  1    wreg      void 
 Registers used:
		wreg, fsr0l, fsr0h, fsr1l, fsr1h, status,2, status,0, pclath, cstack
 Tracked objects:
		On entry : 
		On exit  : 
		Unchanged: 
 Data sizes:     COMMON   BANK0   BANK1   BANK2   BANK3   BANK4   BANK5   BANK6   BANK7   BANK8   BANK9  BANK10  BANK11  BANK12  BANK13  BANK14  BANK15  BANK16  BANK17  BANK18  BANK19  BANK20  BANK21  BANK22  BANK23  BANK24  BANK25
      Params:         0       0       0       0       0       0       0       0       0       0       0       0       0       0       0       0       0       0       0       0       0       0       0       0       0       0       0
      Locals:         0       5       0       0       0       0       0       0       0       0       0       0       0       0       0       0       0       0       0       0       0       0       0       0       0       0       0
      Temps:          0       4       0       0       0       0       0       0       0       0       0       0       0       0       0       0       0       0       0       0       0       0       0       0       0       0       0
      Totals:         0       9       0       0       0       0       0       0       0       0       0       0       0       0       0       0       0       0       0       0       0       0       0       0       0       0       0
Total ram usage:        9 bytes
 Hardware stack levels required when called:    6
 This function calls:
		_SYSTEM_Initialize
		_main_init
		_receiver_task
 This function is called by:
		Startup code after reset
 This function uses a non-reentrant model


 *************** function _receiver_task *****************
 Defined at:
		line 10 in file "modules/receiver/receiver.c"
 Parameters:    Size  Location     Type
		None
 Auto vars:     Size  Location     Type
  data            1   12[BANK0 ] unsigned char 
 Return value:  Size  Location     Type
                  1    wreg      unsigned char 
 Registers used:
		wreg, fsr0l, fsr0h, fsr1l, fsr1h, status,2, status,0, pclath, cstack
 Tracked objects:
		On entry : 
		On exit  : 
		Unchanged: 
 Data sizes:     COMMON   BANK0   BANK1   BANK2   BANK3   BANK4   BANK5   BANK6   BANK7   BANK8   BANK9  BANK10  BANK11  BANK12  BANK13  BANK14  BANK15  BANK16  BANK17  BANK18  BANK19  BANK20  BANK21  BANK22  BANK23  BANK24  BANK25
      Params:         0       0       0       0       0       0       0       0       0       0       0       0       0       0       0       0       0       0       0       0       0       0       0       0       0       0       0
      Locals:         0       1       0       0       0       0       0       0       0       0       0       0       0       0       0       0       0       0       0       0       0       0       0       0       0       0       0
      Temps:          0       5       0       0       0       0       0       0       0       0       0       0       0       0       0       0       0       0       0       0       0       0       0       0       0       0       0
      Totals:         0       6       0       0       0       0       0       0       0       0       0       0       0       0       0       0       0       0       0       0       0       0       0       0       0       0       0
Total ram usage:        6 bytes
 Hardware stack levels used:    1
 Hardware stack levels required when called:    4
 This function calls:
		_parser_analyse
		_receiver_getCircBuffFilledDataSize
		_receiver_incrTail
		_receiver_push2FrameBuff
 This function is called by:
		_main
 This function uses a non-reentrant model


 *************** function _receiver_push2FrameBuff *****************
 Defined at:
		line 95 in file "modules/receiver/receiver.c"
 Parameters:    Size  Location     Type
  data            1    wreg     unsigned char 
 Auto vars:     Size  Location     Type
  data            1    6[BANK0 ] unsigned char 
 Return value:  Size  Location     Type
                  1    wreg      void 
 Registers used:
		wreg, fsr1l, fsr1h, status,2, status,0
 Tracked objects:
		On entry : 
		On exit  : 
		Unchanged: 
 Data sizes:     COMMON   BANK0   BANK1   BANK2   BANK3   BANK4   BANK5   BANK6   BANK7   BANK8   BANK9  BANK10  BANK11  BANK12  BANK13  BANK14  BANK15  BANK16  BANK17  BANK18  BANK19  BANK20  BANK21  BANK22  BANK23  BANK24  BANK25
      Params:         0       0       0       0       0       0       0       0       0       0       0       0       0       0       0       0       0       0       0       0       0       0       0       0       0       0       0
      Locals:         0       1       0       0       0       0       0       0       0       0       0       0       0       0       0       0       0       0       0       0       0       0       0       0       0       0       0
      Temps:          0       6       0       0       0       0       0       0       0       0       0       0       0       0       0       0       0       0       0       0       0       0       0       0       0       0       0
      Totals:         0       7       0       0       0       0       0       0       0       0       0       0       0       0       0       0       0       0       0       0       0       0       0       0       0       0       0
Total ram usage:        7 bytes
 Hardware stack levels used:    1
 Hardware stack levels required when called:    3
 This function calls:
		Nothing
 This function is called by:
		_receiver_task
 This function uses a non-reentrant model


 *************** function _receiver_incrTail *****************
 Defined at:
		line 85 in file "modules/receiver/receiver.c"
 Parameters:    Size  Location     Type
		None
 Auto vars:     Size  Location     Type
		None
 Return value:  Size  Location     Type
                  1    wreg      void 
 Registers used:
		wreg, fsr1l, fsr1h, status,2, status,0
 Tracked objects:
		On entry : 
		On exit  : 
		Unchanged: 
 Data sizes:     COMMON   BANK0   BANK1   BANK2   BANK3   BANK4   BANK5   BANK6   BANK7   BANK8   BANK9  BANK10  BANK11  BANK12  BANK13  BANK14  BANK15  BANK16  BANK17  BANK18  BANK19  BANK20  BANK21  BANK22  BANK23  BANK24  BANK25
      Params:         0       0       0       0       0       0       0       0       0       0       0       0       0       0       0       0       0       0       0       0       0       0       0       0       0       0       0
      Locals:         0       0       0       0       0       0       0       0       0       0       0       0       0       0       0       0       0       0       0       0       0       0       0       0       0       0       0
      Temps:          0       1       0       0       0       0       0       0       0       0       0       0       0       0       0       0       0       0       0       0       0       0       0       0       0       0       0
      Totals:         0       1       0       0       0       0       0       0       0       0       0       0       0       0       0       0       0       0       0       0       0       0       0       0       0       0       0
Total ram usage:        1 bytes
 Hardware stack levels used:    1
 Hardware stack levels required when called:    3
 This function calls:
		Nothing
 This function is called by:
		_receiver_task
 This function uses a non-reentrant model


 *************** function _receiver_getCircBuffFilledDataSize *****************
 Defined at:
		line 73 in file "modules/receiver/receiver.c"
 Parameters:    Size  Location     Type
		None
 Auto vars:     Size  Location     Type
  size            1    1[BANK0 ] unsigned char 
 Return value:  Size  Location     Type
                  1    wreg      unsigned char 
 Registers used:
		wreg, fsr0l, fsr0h, fsr1l, fsr1h, status,2, status,0
 Tracked objects:
		On entry : 
		On exit  : 
		Unchanged: 
 Data sizes:     COMMON   BANK0   BANK1   BANK2   BANK3   BANK4   BANK5   BANK6   BANK7   BANK8   BANK9  BANK10  BANK11  BANK12  BANK13  BANK14  BANK15  BANK16  BANK17  BANK18  BANK19  BANK20  BANK21  BANK22  BANK23  BANK24  BANK25
      Params:         0       0       0       0       0       0       0       0       0       0       0       0       0       0       0       0       0       0       0       0       0       0       0       0       0       0       0
      Locals:         0       1       0       0       0       0       0       0       0       0       0       0       0       0       0       0       0       0       0       0       0       0       0       0       0       0       0
      Temps:          0       1       0       0       0       0       0       0       0       0       0       0       0       0       0       0       0       0       0       0       0       0       0       0       0       0       0
      Totals:         0       2       0       0       0       0       0       0       0       0       0       0       0       0       0       0       0       0       0       0       0       0       0       0       0       0       0
Total ram usage:        2 bytes
 Hardware stack levels used:    1
 Hardware stack levels required when called:    3
 This function calls:
		Nothing
 This function is called by:
		_receiver_task
 This function uses a non-reentrant model


 *************** function _parser_analyse *****************
 Defined at:
		line 6 in file "modules/parser/parser.c"
 Parameters:    Size  Location     Type
  data            2    0[BANK0 ] PTR unsigned char 
		 -> receiver_self.frBuff.data(100), receiver_self.frBuff(102), 
  size            1    2[BANK0 ] unsigned char 
 Auto vars:     Size  Location     Type
		None
 Return value:  Size  Location     Type
                  1    wreg      void 
 Registers used:
		wreg, fsr1l, fsr1h, status,2, status,0
 Tracked objects:
		On entry : 
		On exit  : 
		Unchanged: 
 Data sizes:     COMMON   BANK0   BANK1   BANK2   BANK3   BANK4   BANK5   BANK6   BANK7   BANK8   BANK9  BANK10  BANK11  BANK12  BANK13  BANK14  BANK15  BANK16  BANK17  BANK18  BANK19  BANK20  BANK21  BANK22  BANK23  BANK24  BANK25
      Params:         0       3       0       0       0       0       0       0       0       0       0       0       0       0       0       0       0       0       0       0       0       0       0       0       0       0       0
      Locals:         0       0       0       0       0       0       0       0       0       0       0       0       0       0       0       0       0       0       0       0       0       0       0       0       0       0       0
      Temps:          0       1       0       0       0       0       0       0       0       0       0       0       0       0       0       0       0       0       0       0       0       0       0       0       0       0       0
      Totals:         0       4       0       0       0       0       0       0       0       0       0       0       0       0       0       0       0       0       0       0       0       0       0       0       0       0       0
Total ram usage:        4 bytes
 Hardware stack levels used:    1
 Hardware stack levels required when called:    3
 This function calls:
		Nothing
 This function is called by:
		_receiver_task
 This function uses a non-reentrant model


 *************** function _main_init *****************
 Defined at:
		line 80 in file "main.c"
 Parameters:    Size  Location     Type
		None
 Auto vars:     Size  Location     Type
		None
 Return value:  Size  Location     Type
                  1    wreg      void 
 Registers used:
		wreg, fsr1l, fsr1h, status,2, status,0, pclath, cstack
 Tracked objects:
		On entry : 
		On exit  : 
		Unchanged: 
 Data sizes:     COMMON   BANK0   BANK1   BANK2   BANK3   BANK4   BANK5   BANK6   BANK7   BANK8   BANK9  BANK10  BANK11  BANK12  BANK13  BANK14  BANK15  BANK16  BANK17  BANK18  BANK19  BANK20  BANK21  BANK22  BANK23  BANK24  BANK25
      Params:         0       0       0       0       0       0       0       0       0       0       0       0       0       0       0       0       0       0       0       0       0       0       0       0       0       0       0
      Locals:         0       0       0       0       0       0       0       0       0       0       0       0       0       0       0       0       0       0       0       0       0       0       0       0       0       0       0
      Temps:          0       0       0       0       0       0       0       0       0       0       0       0       0       0       0       0       0       0       0       0       0       0       0       0       0       0       0
      Totals:         0       0       0       0       0       0       0       0       0       0       0       0       0       0       0       0       0       0       0       0       0       0       0       0       0       0       0
Total ram usage:        0 bytes
 Hardware stack levels used:    1
 Hardware stack levels required when called:    4
 This function calls:
		_receiver_init
 This function is called by:
		_main
 This function uses a non-reentrant model


 *************** function _receiver_init *****************
 Defined at:
		line 28 in file "modules/receiver/receiver.c"
 Parameters:    Size  Location     Type
		None
 Auto vars:     Size  Location     Type
		None
 Return value:  Size  Location     Type
                  1    wreg      void 
 Registers used:
		wreg, fsr1l, fsr1h, status,2
 Tracked objects:
		On entry : 
		On exit  : 
		Unchanged: 
 Data sizes:     COMMON   BANK0   BANK1   BANK2   BANK3   BANK4   BANK5   BANK6   BANK7   BANK8   BANK9  BANK10  BANK11  BANK12  BANK13  BANK14  BANK15  BANK16  BANK17  BANK18  BANK19  BANK20  BANK21  BANK22  BANK23  BANK24  BANK25
      Params:         0       0       0       0       0       0       0       0       0       0       0       0       0       0       0       0       0       0       0       0       0       0       0       0       0       0       0
      Locals:         0       0       0       0       0       0       0       0       0       0       0       0       0       0       0       0       0       0       0       0       0       0       0       0       0       0       0
      Temps:          0       0       0       0       0       0       0       0       0       0       0       0       0       0       0       0       0       0       0       0       0       0       0       0       0       0       0
      Totals:         0       0       0       0       0       0       0       0       0       0       0       0       0       0       0       0       0       0       0       0       0       0       0       0       0       0       0
Total ram usage:        0 bytes
 Hardware stack levels used:    1
 Hardware stack levels required when called:    3
 This function calls:
		Nothing
 This function is called by:
		_main_init
 This function uses a non-reentrant model


 *************** function _SYSTEM_Initialize *****************
 Defined at:
		line 50 in file "mcc_generated_files/mcc.c"
 Parameters:    Size  Location     Type
		None
 Auto vars:     Size  Location     Type
		None
 Return value:  Size  Location     Type
                  1    wreg      void 
 Registers used:
		wreg, status,2, status,0, pclath, cstack
 Tracked objects:
		On entry : 
		On exit  : 
		Unchanged: 
 Data sizes:     COMMON   BANK0   BANK1   BANK2   BANK3   BANK4   BANK5   BANK6   BANK7   BANK8   BANK9  BANK10  BANK11  BANK12  BANK13  BANK14  BANK15  BANK16  BANK17  BANK18  BANK19  BANK20  BANK21  BANK22  BANK23  BANK24  BANK25
      Params:         0       0       0       0       0       0       0       0       0       0       0       0       0       0       0       0       0       0       0       0       0       0       0       0       0       0       0
      Locals:         0       0       0       0       0       0       0       0       0       0       0       0       0       0       0       0       0       0       0       0       0       0       0       0       0       0       0
      Temps:          0       0       0       0       0       0       0       0       0       0       0       0       0       0       0       0       0       0       0       0       0       0       0       0       0       0       0
      Totals:         0       0       0       0       0       0       0       0       0       0       0       0       0       0       0       0       0       0       0       0       0       0       0       0       0       0       0
Total ram usage:        0 bytes
 Hardware stack levels used:    1
 Hardware stack levels required when called:    5
 This function calls:
		_EUSART_Initialize
		_OSCILLATOR_Initialize
		_PIN_MANAGER_Initialize
		_PMD_Initialize
		_WDT_Initialize
 This function is called by:
		_main
 This function uses a non-reentrant model


 *************** function _WDT_Initialize *****************
 Defined at:
		line 78 in file "mcc_generated_files/mcc.c"
 Parameters:    Size  Location     Type
		None
 Auto vars:     Size  Location     Type
		None
 Return value:  Size  Location     Type
                  1    wreg      void 
 Registers used:
		wreg
 Tracked objects:
		On entry : 
		On exit  : 
		Unchanged: 
 Data sizes:     COMMON   BANK0   BANK1   BANK2   BANK3   BANK4   BANK5   BANK6   BANK7   BANK8   BANK9  BANK10  BANK11  BANK12  BANK13  BANK14  BANK15  BANK16  BANK17  BANK18  BANK19  BANK20  BANK21  BANK22  BANK23  BANK24  BANK25
      Params:         0       0       0       0       0       0       0       0       0       0       0       0       0       0       0       0       0       0       0       0       0       0       0       0       0       0       0
      Locals:         0       0       0       0       0       0       0       0       0       0       0       0       0       0       0       0       0       0       0       0       0       0       0       0       0       0       0
      Temps:          0       0       0       0       0       0       0       0       0       0       0       0       0       0       0       0       0       0       0       0       0       0       0       0       0       0       0
      Totals:         0       0       0       0       0       0       0       0       0       0       0       0       0       0       0       0       0       0       0       0       0       0       0       0       0       0       0
Total ram usage:        0 bytes
 Hardware stack levels used:    1
 Hardware stack levels required when called:    3
 This function calls:
		Nothing
 This function is called by:
		_SYSTEM_Initialize
 This function uses a non-reentrant model


 *************** function _PMD_Initialize *****************
 Defined at:
		line 84 in file "mcc_generated_files/mcc.c"
 Parameters:    Size  Location     Type
		None
 Auto vars:     Size  Location     Type
		None
 Return value:  Size  Location     Type
                  1    wreg      void 
 Registers used:
		status,2
 Tracked objects:
		On entry : 
		On exit  : 
		Unchanged: 
 Data sizes:     COMMON   BANK0   BANK1   BANK2   BANK3   BANK4   BANK5   BANK6   BANK7   BANK8   BANK9  BANK10  BANK11  BANK12  BANK13  BANK14  BANK15  BANK16  BANK17  BANK18  BANK19  BANK20  BANK21  BANK22  BANK23  BANK24  BANK25
      Params:         0       0       0       0       0       0       0       0       0       0       0       0       0       0       0       0       0       0       0       0       0       0       0       0       0       0       0
      Locals:         0       0       0       0       0       0       0       0       0       0       0       0       0       0       0       0       0       0       0       0       0       0       0       0       0       0       0
      Temps:          0       0       0       0       0       0       0       0       0       0       0       0       0       0       0       0       0       0       0       0       0       0       0       0       0       0       0
      Totals:         0       0       0       0       0       0       0       0       0       0       0       0       0       0       0       0       0       0       0       0       0       0       0       0       0       0       0
Total ram usage:        0 bytes
 Hardware stack levels used:    1
 Hardware stack levels required when called:    3
 This function calls:
		Nothing
 This function is called by:
		_SYSTEM_Initialize
 This function uses a non-reentrant model


 *************** function _PIN_MANAGER_Initialize *****************
 Defined at:
		line 57 in file "mcc_generated_files/pin_manager.c"
 Parameters:    Size  Location     Type
		None
 Auto vars:     Size  Location     Type
		None
 Return value:  Size  Location     Type
                  1    wreg      void 
 Registers used:
		wreg, status,2
 Tracked objects:
		On entry : 
		On exit  : 
		Unchanged: 
 Data sizes:     COMMON   BANK0   BANK1   BANK2   BANK3   BANK4   BANK5   BANK6   BANK7   BANK8   BANK9  BANK10  BANK11  BANK12  BANK13  BANK14  BANK15  BANK16  BANK17  BANK18  BANK19  BANK20  BANK21  BANK22  BANK23  BANK24  BANK25
      Params:         0       0       0       0       0       0       0       0       0       0       0       0       0       0       0       0       0       0       0       0       0       0       0       0       0       0       0
      Locals:         0       0       0       0       0       0       0       0       0       0       0       0       0       0       0       0       0       0       0       0       0       0       0       0       0       0       0
      Temps:          0       0       0       0       0       0       0       0       0       0       0       0       0       0       0       0       0       0       0       0       0       0       0       0       0       0       0
      Totals:         0       0       0       0       0       0       0       0       0       0       0       0       0       0       0       0       0       0       0       0       0       0       0       0       0       0       0
Total ram usage:        0 bytes
 Hardware stack levels used:    1
 Hardware stack levels required when called:    3
 This function calls:
		Nothing
 This function is called by:
		_SYSTEM_Initialize
 This function uses a non-reentrant model


 *************** function _OSCILLATOR_Initialize *****************
 Defined at:
		line 60 in file "mcc_generated_files/mcc.c"
 Parameters:    Size  Location     Type
		None
 Auto vars:     Size  Location     Type
		None
 Return value:  Size  Location     Type
                  1    wreg      void 
 Registers used:
		wreg, status,2
 Tracked objects:
		On entry : 
		On exit  : 
		Unchanged: 
 Data sizes:     COMMON   BANK0   BANK1   BANK2   BANK3   BANK4   BANK5   BANK6   BANK7   BANK8   BANK9  BANK10  BANK11  BANK12  BANK13  BANK14  BANK15  BANK16  BANK17  BANK18  BANK19  BANK20  BANK21  BANK22  BANK23  BANK24  BANK25
      Params:         0       0       0       0       0       0       0       0       0       0       0       0       0       0       0       0       0       0       0       0       0       0       0       0       0       0       0
      Locals:         0       0       0       0       0       0       0       0       0       0       0       0       0       0       0       0       0       0       0       0       0       0       0       0       0       0       0
      Temps:          0       0       0       0       0       0       0       0       0       0       0       0       0       0       0       0       0       0       0       0       0       0       0       0       0       0       0
      Totals:         0       0       0       0       0       0       0       0       0       0       0       0       0       0       0       0       0       0       0       0       0       0       0       0       0       0       0
Total ram usage:        0 bytes
 Hardware stack levels used:    1
 Hardware stack levels required when called:    3
 This function calls:
		Nothing
 This function is called by:
		_SYSTEM_Initialize
 This function uses a non-reentrant model


 *************** function _EUSART_Initialize *****************
 Defined at:
		line 61 in file "mcc_generated_files/eusart.c"
 Parameters:    Size  Location     Type
		None
 Auto vars:     Size  Location     Type
		None
 Return value:  Size  Location     Type
                  1    wreg      void 
 Registers used:
		wreg, status,2, status,0, pclath, cstack
 Tracked objects:
		On entry : 
		On exit  : 
		Unchanged: 
 Data sizes:     COMMON   BANK0   BANK1   BANK2   BANK3   BANK4   BANK5   BANK6   BANK7   BANK8   BANK9  BANK10  BANK11  BANK12  BANK13  BANK14  BANK15  BANK16  BANK17  BANK18  BANK19  BANK20  BANK21  BANK22  BANK23  BANK24  BANK25
      Params:         0       0       0       0       0       0       0       0       0       0       0       0       0       0       0       0       0       0       0       0       0       0       0       0       0       0       0
      Locals:         0       0       0       0       0       0       0       0       0       0       0       0       0       0       0       0       0       0       0       0       0       0       0       0       0       0       0
      Temps:          0       0       0       0       0       0       0       0       0       0       0       0       0       0       0       0       0       0       0       0       0       0       0       0       0       0       0
      Totals:         0       0       0       0       0       0       0       0       0       0       0       0       0       0       0       0       0       0       0       0       0       0       0       0       0       0       0
Total ram usage:        0 bytes
 Hardware stack levels used:    1
 Hardware stack levels required when called:    4
 This function calls:
		_EUSART_SetRxInterruptHandler
		_EUSART_SetTxInterruptHandler
 This function is called by:
		_SYSTEM_Initialize
 This function uses a non-reentrant model


 *************** function _EUSART_SetTxInterruptHandler *****************
 Defined at:
		line 106 in file "mcc_generated_files/eusart.c"
 Parameters:    Size  Location     Type
  interruptHan    2    0[BANK0 ] PTR FTN()void 
		 -> EUSART_Transmit_ISR(1), 
 Auto vars:     Size  Location     Type
		None
 Return value:  Size  Location     Type
                  1    wreg      void 
 Registers used:
		wreg
 Tracked objects:
		On entry : 
		On exit  : 
		Unchanged: 
 Data sizes:     COMMON   BANK0   BANK1   BANK2   BANK3   BANK4   BANK5   BANK6   BANK7   BANK8   BANK9  BANK10  BANK11  BANK12  BANK13  BANK14  BANK15  BANK16  BANK17  BANK18  BANK19  BANK20  BANK21  BANK22  BANK23  BANK24  BANK25
      Params:         0       2       0       0       0       0       0       0       0       0       0       0       0       0       0       0       0       0       0       0       0       0       0       0       0       0       0
      Locals:         0       0       0       0       0       0       0       0       0       0       0       0       0       0       0       0       0       0       0       0       0       0       0       0       0       0       0
      Temps:          0       0       0       0       0       0       0       0       0       0       0       0       0       0       0       0       0       0       0       0       0       0       0       0       0       0       0
      Totals:         0       2       0       0       0       0       0       0       0       0       0       0       0       0       0       0       0       0       0       0       0       0       0       0       0       0       0
Total ram usage:        2 bytes
 Hardware stack levels used:    1
 Hardware stack levels required when called:    3
 This function calls:
		Nothing
 This function is called by:
		_EUSART_Initialize
 This function uses a non-reentrant model


 *************** function _EUSART_SetRxInterruptHandler *****************
 Defined at:
		line 110 in file "mcc_generated_files/eusart.c"
 Parameters:    Size  Location     Type
  interruptHan    2    0[BANK0 ] PTR FTN()void 
		 -> EUSART_Receive_ISR(1), 
 Auto vars:     Size  Location     Type
		None
 Return value:  Size  Location     Type
                  1    wreg      void 
 Registers used:
		wreg
 Tracked objects:
		On entry : 
		On exit  : 
		Unchanged: 
 Data sizes:     COMMON   BANK0   BANK1   BANK2   BANK3   BANK4   BANK5   BANK6   BANK7   BANK8   BANK9  BANK10  BANK11  BANK12  BANK13  BANK14  BANK15  BANK16  BANK17  BANK18  BANK19  BANK20  BANK21  BANK22  BANK23  BANK24  BANK25
      Params:         0       2       0       0       0       0       0       0       0       0       0       0       0       0       0       0       0       0       0       0       0       0       0       0       0       0       0
      Locals:         0       0       0       0       0       0       0       0       0       0       0       0       0       0       0       0       0       0       0       0       0       0       0       0       0       0       0
      Temps:          0       0       0       0       0       0       0       0       0       0       0       0       0       0       0       0       0       0       0       0       0       0       0       0       0       0       0
      Totals:         0       2       0       0       0       0       0       0       0       0       0       0       0       0       0       0       0       0       0       0       0       0       0       0       0       0       0
Total ram usage:        2 bytes
 Hardware stack levels used:    1
 Hardware stack levels required when called:    3
 This function calls:
		Nothing
 This function is called by:
		_EUSART_Initialize
 This function uses a non-reentrant model


 *************** function _INTERRUPT_InterruptManager *****************
 Defined at:
		line 52 in file "mcc_generated_files/interrupt_manager.c"
 Parameters:    Size  Location     Type
		None
 Auto vars:     Size  Location     Type
		None
 Return value:  Size  Location     Type
                  1    wreg      void 
 Registers used:
		wreg, fsr0l, fsr0h, fsr1l, fsr1h, status,2, status,0, pclath, cstack
 Tracked objects:
		On entry : 
		On exit  : 
		Unchanged: 
 Data sizes:     COMMON   BANK0   BANK1   BANK2   BANK3   BANK4   BANK5   BANK6   BANK7   BANK8   BANK9  BANK10  BANK11  BANK12  BANK13  BANK14  BANK15  BANK16  BANK17  BANK18  BANK19  BANK20  BANK21  BANK22  BANK23  BANK24  BANK25
      Params:         0       0       0       0       0       0       0       0       0       0       0       0       0       0       0       0       0       0       0       0       0       0       0       0       0       0       0
      Locals:         0       0       0       0       0       0       0       0       0       0       0       0       0       0       0       0       0       0       0       0       0       0       0       0       0       0       0
      Temps:          0       0       0       0       0       0       0       0       0       0       0       0       0       0       0       0       0       0       0       0       0       0       0       0       0       0       0
      Totals:         0       0       0       0       0       0       0       0       0       0       0       0       0       0       0       0       0       0       0       0       0       0       0       0       0       0       0
Total ram usage:        0 bytes
 Hardware stack levels used:    1
 Hardware stack levels required when called:    2
 This function calls:
		Absolute function
		_EUSART_Receive_ISR
		_EUSART_Transmit_ISR
 This function is called by:
		Interrupt level 1
 This function uses a non-reentrant model


 *************** function _EUSART_Transmit_ISR *****************
 Defined at:
		line 93 in file "mcc_generated_files/eusart.c"
 Parameters:    Size  Location     Type
		None
 Auto vars:     Size  Location     Type
		None
 Return value:  Size  Location     Type
                  1    wreg      void 
 Registers used:
		None
 Tracked objects:
		On entry : 
		On exit  : 
		Unchanged: 
 Data sizes:     COMMON   BANK0   BANK1   BANK2   BANK3   BANK4   BANK5   BANK6   BANK7   BANK8   BANK9  BANK10  BANK11  BANK12  BANK13  BANK14  BANK15  BANK16  BANK17  BANK18  BANK19  BANK20  BANK21  BANK22  BANK23  BANK24  BANK25
      Params:         0       0       0       0       0       0       0       0       0       0       0       0       0       0       0       0       0       0       0       0       0       0       0       0       0       0       0
      Locals:         0       0       0       0       0       0       0       0       0       0       0       0       0       0       0       0       0       0       0       0       0       0       0       0       0       0       0
      Temps:          0       0       0       0       0       0       0       0       0       0       0       0       0       0       0       0       0       0       0       0       0       0       0       0       0       0       0
      Totals:         0       0       0       0       0       0       0       0       0       0       0       0       0       0       0       0       0       0       0       0       0       0       0       0       0       0       0
Total ram usage:        0 bytes
 Hardware stack levels used:    1
 This function calls:
		Nothing
 This function is called by:
		_EUSART_Initialize
		_INTERRUPT_InterruptManager
 This function uses a non-reentrant model


 *************** function _EUSART_Receive_ISR *****************
 Defined at:
		line 98 in file "mcc_generated_files/eusart.c"
 Parameters:    Size  Location     Type
		None
 Auto vars:     Size  Location     Type
		None
 Return value:  Size  Location     Type
                  1    wreg      void 
 Registers used:
		wreg, fsr0l, fsr0h, fsr1l, fsr1h, status,2, status,0, pclath, cstack
 Tracked objects:
		On entry : 
		On exit  : 
		Unchanged: 
 Data sizes:     COMMON   BANK0   BANK1   BANK2   BANK3   BANK4   BANK5   BANK6   BANK7   BANK8   BANK9  BANK10  BANK11  BANK12  BANK13  BANK14  BANK15  BANK16  BANK17  BANK18  BANK19  BANK20  BANK21  BANK22  BANK23  BANK24  BANK25
      Params:         0       0       0       0       0       0       0       0       0       0       0       0       0       0       0       0       0       0       0       0       0       0       0       0       0       0       0
      Locals:         0       0       0       0       0       0       0       0       0       0       0       0       0       0       0       0       0       0       0       0       0       0       0       0       0       0       0
      Temps:          0       0       0       0       0       0       0       0       0       0       0       0       0       0       0       0       0       0       0       0       0       0       0       0       0       0       0
      Totals:         0       0       0       0       0       0       0       0       0       0       0       0       0       0       0       0       0       0       0       0       0       0       0       0       0       0       0
Total ram usage:        0 bytes
 Hardware stack levels used:    1
 Hardware stack levels required when called:    1
 This function calls:
		_receiver_push
 This function is called by:
		_EUSART_Initialize
		_INTERRUPT_InterruptManager
 This function uses a non-reentrant model


 *************** function _receiver_push *****************
 Defined at:
		line 34 in file "modules/receiver/receiver.c"
 Parameters:    Size  Location     Type
  data            1    wreg     unsigned char 
 Auto vars:     Size  Location     Type
  data            1    6[COMMON] unsigned char 
 Return value:  Size  Location     Type
                  1    wreg      void 
 Registers used:
		wreg, fsr0l, fsr0h, fsr1l, fsr1h, status,2, status,0
 Tracked objects:
		On entry : 
		On exit  : 
		Unchanged: 
 Data sizes:     COMMON   BANK0   BANK1   BANK2   BANK3   BANK4   BANK5   BANK6   BANK7   BANK8   BANK9  BANK10  BANK11  BANK12  BANK13  BANK14  BANK15  BANK16  BANK17  BANK18  BANK19  BANK20  BANK21  BANK22  BANK23  BANK24  BANK25
      Params:         0       0       0       0       0       0       0       0       0       0       0       0       0       0       0       0       0       0       0       0       0       0       0       0       0       0       0
      Locals:         1       0       0       0       0       0       0       0       0       0       0       0       0       0       0       0       0       0       0       0       0       0       0       0       0       0       0
      Temps:          6       0       0       0       0       0       0       0       0       0       0       0       0       0       0       0       0       0       0       0       0       0       0       0       0       0       0
      Totals:         7       0       0       0       0       0       0       0       0       0       0       0       0       0       0       0       0       0       0       0       0       0       0       0       0       0       0
Total ram usage:        7 bytes
 Hardware stack levels used:    1
 This function calls:
		Nothing
 This function is called by:
		_EUSART_Receive_ISR
 This function uses a non-reentrant model



MODULE INFORMATION

Module		Function		Class		Link	Load	Size
mcc_generated_files/interrupt_manager.c
		_INTERRUPT_InterruptManager		CODE           	0004	0000	45

mcc_generated_files/interrupt_manager.c estimated size: 45

mcc_generated_files/pin_manager.c
		_PIN_MANAGER_Initialize		CODE           	0205	0000	31

mcc_generated_files/pin_manager.c estimated size: 31

shared
		__initialization		CODE           	0032	0000	17

shared estimated size: 17

mcc_generated_files/mcc.c
		_WDT_Initialize		CODE           	02A5	0000	5
		_PMD_Initialize		CODE           	0287	0000	9
		_OSCILLATOR_Initialize		CODE           	0260	0000	15
		_SYSTEM_Initialize		CODE           	0250	0000	17

mcc_generated_files/mcc.c estimated size: 46

modules/receiver/receiver.c
		_receiver_getCircBuffFilledDataSize		CODE           	01AC	0000	57
		_receiver_push2FrameBuff		CODE           	0173	0000	58
		_receiver_task 		CODE           	00BC	0000	103
		_receiver_push 		CODE           	0122	0000	82
		_receiver_init 		CODE           	026E	0000	14
		_receiver_incrTail		CODE           	0223	0000	30

modules/receiver/receiver.c estimated size: 344

modules/parser/parser.c
		_parser_analyse		CODE           	0240	0000	17

modules/parser/parser.c estimated size: 17

mcc_generated_files/eusart.c
		_EUSART_SetRxInterruptHandler		CODE           	0295	0000	7
		_EUSART_SetTxInterruptHandler		CODE           	028F	0000	7
		_EUSART_Transmit_ISR		CODE           	02A9	0000	4
		_EUSART_Initialize		CODE           	01E4	0000	34
		_EUSART_Receive_ISR		CODE           	029B	0000	7

mcc_generated_files/eusart.c estimated size: 59

main.c
		_main          		CODE           	0046	0000	119
		_main_init     		CODE           	02A1	0000	5

main.c estimated size: 124

